// Jest Snapshot v1, https://goo.gl/fbAQLP

exports[`App Index Tests renders index page 1`] = `
<div
  className="container"
>
  <h3>
    Index
  </h3>
  <p>
     Welcome! Sign in or Sign up. 
  </p>
</div>
`;
