// Jest Snapshot v1, https://goo.gl/fbAQLP

exports[`Sign In Tests renders sign in page 1`] = `
<div
  className="container"
>
  <h3>
    Sign In
  </h3>
  <div
    className="form"
  >
    <form
      onSubmit={[Function]}
    >
      <div
        className=""
      >
        <div
          className="text-help"
        >
          
        </div>
      </div>
      <div
        className="form-group "
      >
        <label>
          Email
        </label>
        <input
          className="form-control"
          name="email"
          onBlur={[Function]}
          onChange={[Function]}
          onDragStart={[Function]}
          onDrop={[Function]}
          onFocus={[Function]}
          type="text"
          value=""
        />
        <div
          className="text-help"
        >
          
        </div>
      </div>
      <div
        className="form-group "
      >
        <label>
          Password
        </label>
        <input
          className="form-control"
          name="password"
          onBlur={[Function]}
          onChange={[Function]}
          onDragStart={[Function]}
          onDrop={[Function]}
          onFocus={[Function]}
          type="password"
          value=""
        />
        <div
          className="text-help"
        >
          
        </div>
      </div>
      <button
        className="btn btn-primary"
        type="submit"
      >
        Submit
      </button>
      <a
        className="btn btn-danger"
        href="/"
        onClick={[Function]}
      >
        Cancel
      </a>
    </form>
  </div>
</div>
`;
